// Jest Snapshot v1, https://goo.gl/fbAQLP

exports[`ContestRow renders correctly 1`] = `
<View
  accessible={true}
  focusable={true}
  isTVSelectable={true}
  onClick={[Function]}
  onResponderGrant={[Function]}
  onResponderMove={[Function]}
  onResponderRelease={[Function]}
  onResponderTerminate={[Function]}
  onResponderTerminationRequest={[Function]}
  onStartShouldSetResponder={[Function]}
  style={
    Object {
      "opacity": 1,
      "padding": 16,
    }
  }
>
  <Text>
    ðŸ‡«ðŸ‡® RW 2019, DS Helsinki
  </Text>
</View>
`;
